// Jest Snapshot v1, https://goo.gl/fbAQLP

exports[`components/layout/app-header renders propery 1`] = `
<header id="mainHeader" data-cy="appHeader">
  <h1 class="brand">Koel</h1> <span role="button" title="Show or hide the sidebar" class="hamburger"><i class="fa fa-bars"></i></span> <span role="button" title="Show or hide the search form" class="magnifier"><i class="fa fa-search"></i></span>
  <!---->
  <div class="header-right">
    <!----> <a href="" title="About Koel" role="button" class="about control"><i class="fa fa-info-circle"></i></a></div>
</header>
`;
