// Jest Snapshot v1, https://goo.gl/fbAQLP

exports[`components/ui/to-top-button renders properly 1`] = `
<transition-stub name="fade">
  <div class="to-top-btn-wrapper" style="display: none;"><button title="Scroll to top"><i class="fa fa-arrow-circle-up"></i> Top
    </button></div>
</transition-stub>
`;
