// Jest Snapshot v1, https://goo.gl/fbAQLP

exports[`components/song/list-controls renders properly 1`] = `
<div class="song-list-controls">
  <!---->
  <!---->
</div>
`;
