// Jest Snapshot v1, https://goo.gl/fbAQLP

exports[`component/layout/main-wrapper/index renders properly 1`] = `
<div id="mainWrapper">
  <!---->
  <!---->
  <!---->
  <!---->
</div>
`;
